// Jest Snapshot v1, https://goo.gl/fbAQLP

exports[`<Subcategory /> renders Subcategory component 1`] = `
<DocumentFragment>
  <li
    class="Subcategory"
  />
</DocumentFragment>
`;
